{
  "images" : [
    {
      "filename" : "4C5BA35B-9284-485C-A8E3-F33F493EFEEC 3.jpg",
      "idiom" : "universal",
      "scale" : "1x"
    },
    {
      "idiom" : "universal",
      "scale" : "2x"
    },
    {
      "idiom" : "universal",
      "scale" : "3x"
    }
  ],
  "info" : {
    "author" : "xcode",
    "version" : 1
  }
}
